{
  "execution_environment": {
    "python": "3.8.10",
    "pymtl3_core_package": "/home/x/shiran/.local/lib/python3.8/site-packages/pymtl3/__init__.py",
    "cpu_affinity": [
      10
    ],
    "primitive_source": "existing cgra_env CPython 3.8 RegisterFile bytecode; installed basic_rtl Mux import alias only"
  },
  "experiment_geometry": {
    "fabric_rows": 4,
    "fabric_columns": 4,
    "tile_rows_per_cgra": 2,
    "tile_columns_per_cgra": 2
  },
  "elaborated_component": "VectorCGRA.mem.data.DataMemWrapperRTL (one per configured bank)",
  "fabric_cgra_count": 16,
  "banks_per_cgra": 2,
  "measured_words_per_bank": [
    16,
    16
  ],
  "global_data_addressable_words": 512,
  "payload_bits_per_data_word": 32,
  "rtl_registerfile_bits_per_data_word_including_sidebands": 35,
  "payload_capacity_bits_per_cgra": 1024,
  "payload_capacity_bytes_per_cgra": 128,
  "rtl_registerfile_state_bits_per_cgra_including_sidebands": 1120,
  "rtl_registerfile_state_bytes_per_cgra_including_sidebands": 140,
  "payload_capacity_bytes_across_fabric": 2048,
  "rtl_registerfile_state_bytes_across_fabric_including_sidebands": 2240,
  "test_helper_ctrl_mem_items": 16,
  "test_helper_registers_per_tile": 16
}
